./rawdata/top_L_16:43:40.log
16:43:45
16:43:45
16:43:45
16:43:45
16:43:45
16:43:45
16:43:45
16:43:45
16:43:45
16:43:45
16:43:45
16:43:45
16:43:45
16:43:45
16:43:45
16:43:45
16:43:45
16:43:45
16:43:45
16:43:45
16:43:45
16:43:45
16:43:45
16:43:45
16:43:45
16:43:45
16:43:45
16:43:45
16:43:45
16:43:45
16:43:45
16:43:45
16:43:45
16:43:45
16:43:45
16:43:45
16:43:45
16:43:45
16:43:45
16:43:45
16:43:45
16:43:45
16:43:45
16:43:45
16:43:45
16:43:45
16:43:45
16:43:45
16:43:45
16:43:45
16:43:45
16:43:45
16:43:45
16:43:45
16:43:45
16:43:45
16:43:45
16:43:45
16:43:45
16:43:45
16:43:45
16:43:45
16:43:45
16:43:45
16:43:45
16:43:45
16:43:45
16:43:45
16:43:45
16:43:45
16:43:45
16:43:45
